// Jest Snapshot v1, https://goo.gl/fbAQLP

exports[`MultiSelect {
  options: [Array],
  getLabel: [Function: getLabel],
  getKey: [Function: getKey],
  getSearchKey: [Function: getSearchKey]
} should match snapshot 1`] = `
<div>
  <div>
    <button
      aria-expanded="false"
      aria-haspopup="listbox"
      class="relative block w-full rounded-lg bg-white/5 py-1.5 pr-8 pl-3 text-left text-sm/6 text-white min-h-10 focus:not-data-focus:outline-none data-focus:outline-2 data-focus:-outline-offset-2 data-focus:outline-white/25"
      data-headlessui-state=""
      id="headlessui-listbox-button-«r2»"
      type="button"
    >
      <div
        class="flex flex-wrap gap-2"
      />
      <svg
        aria-hidden="true"
        class="group pointer-events-none absolute top-2.5 right-2.5 size-4 fill-white/60"
        data-slot="icon"
        fill="currentColor"
        viewBox="0 0 24 24"
        xmlns="http://www.w3.org/2000/svg"
      >
        <path
          clip-rule="evenodd"
          d="M12.53 16.28a.75.75 0 0 1-1.06 0l-7.5-7.5a.75.75 0 0 1 1.06-1.06L12 14.69l6.97-6.97a.75.75 0 1 1 1.06 1.06l-7.5 7.5Z"
          fill-rule="evenodd"
        />
      </svg>
    </button>
  </div>
</div>
`;

exports[`MultiSelect {
  options: [Array],
  getLabel: [Function: getLabel],
  getKey: [Function: getKey],
  getSearchKey: [Function: getSearchKey]
} should match snapshot 2`] = `
<div>
  <div>
    <button
      aria-expanded="false"
      aria-haspopup="listbox"
      class="relative block w-full rounded-lg bg-white/5 py-1.5 pr-8 pl-3 text-left text-sm/6 text-white min-h-10 focus:not-data-focus:outline-none data-focus:outline-2 data-focus:-outline-offset-2 data-focus:outline-white/25"
      data-headlessui-state=""
      id="headlessui-listbox-button-«r8»"
      type="button"
    >
      <div
        class="flex flex-wrap gap-2"
      />
      <svg
        aria-hidden="true"
        class="group pointer-events-none absolute top-2.5 right-2.5 size-4 fill-white/60"
        data-slot="icon"
        fill="currentColor"
        viewBox="0 0 24 24"
        xmlns="http://www.w3.org/2000/svg"
      >
        <path
          clip-rule="evenodd"
          d="M12.53 16.28a.75.75 0 0 1-1.06 0l-7.5-7.5a.75.75 0 0 1 1.06-1.06L12 14.69l6.97-6.97a.75.75 0 1 1 1.06 1.06l-7.5 7.5Z"
          fill-rule="evenodd"
        />
      </svg>
    </button>
  </div>
</div>
`;
