// Jest Snapshot v1, https://goo.gl/fbAQLP

exports[`Spinner {
  id: '1',
  name: 'Test',
  ingredients: [],
  category: 'Test',
  area: 'Test',
  instructions: 'Test',
  thumbnail: 'https://example.com/thumbnail.jpg',
  tags: [],
  youtube: 'https://example.com/youtube.com'
} should match snapshot 1`] = `
<div>
  <div
    class="bg-black rounded-xl border border-white/10 flex cursor-pointer  flex-col transition-all duration-300 hover:scale-105"
  >
    <img
      alt="Test"
      class="w-full h-fullobject-cover rounded-t-xl"
      data-nimg="1"
      decoding="async"
      height="150"
      loading="lazy"
      src="/_next/image?url=https%3A%2F%2Fexample.com%2Fthumbnail.jpg&w=384&q=75"
      srcset="/_next/image?url=https%3A%2F%2Fexample.com%2Fthumbnail.jpg&w=256&q=75 1x, /_next/image?url=https%3A%2F%2Fexample.com%2Fthumbnail.jpg&w=384&q=75 2x"
      style="color: transparent;"
      width="150"
    />
    <div
      class="p-2 h-20 overflow-auto"
    >
      <h2
        class="text-white text-sm font-bold"
      >
        Test
      </h2>
      <p
        class="text-white/50 text-sm"
      >
        Test
      </p>
      <p
        class="text-white/50 text-sm"
      >
        Test
      </p>
    </div>
  </div>
</div>
`;

exports[`Spinner {
  id: '1',
  name: 'longtextlongtextlongtextlongtextlongtextlongtext',
  ingredients: [],
  category: 'Test',
  area: 'Test',
  instructions: 'Test',
  thumbnail: 'https://example.com/thumbnail.jpg',
  tags: [],
  youtube: 'https://example.com/youtube.com'
} should match snapshot 1`] = `
<div>
  <div
    class="bg-black rounded-xl border border-white/10 flex cursor-pointer  flex-col transition-all duration-300 hover:scale-105"
  >
    <img
      alt="longtextlongtextlongtextlongtextlongtextlongtext"
      class="w-full h-fullobject-cover rounded-t-xl"
      data-nimg="1"
      decoding="async"
      height="150"
      loading="lazy"
      src="/_next/image?url=https%3A%2F%2Fexample.com%2Fthumbnail.jpg&w=384&q=75"
      srcset="/_next/image?url=https%3A%2F%2Fexample.com%2Fthumbnail.jpg&w=256&q=75 1x, /_next/image?url=https%3A%2F%2Fexample.com%2Fthumbnail.jpg&w=384&q=75 2x"
      style="color: transparent;"
      width="150"
    />
    <div
      class="p-2 h-20 overflow-auto"
    >
      <h2
        class="text-white text-sm font-bold"
      >
        longtextlongtextlongtextlongtextlongtextlongtext
      </h2>
      <p
        class="text-white/50 text-sm"
      >
        Test
      </p>
      <p
        class="text-white/50 text-sm"
      >
        Test
      </p>
    </div>
  </div>
</div>
`;
