// Jest Snapshot v1, https://goo.gl/fbAQLP

exports[`SidePanel false should match snapshot 1`] = `<div />`;

exports[`SidePanel true should match snapshot 1`] = `
<div
  aria-hidden="true"
/>
`;
